// Jest Snapshot v1, https://goo.gl/fbAQLP

exports[`pages/main should to match snapshot 1`] = `
<DocumentFragment>
  .c2 {
  width: auto;
  margin-top: 48px;
}

.c2 .main__tabs {
  margin-bottom: 48px;
}

.c2 .main__tab-panel {
  margin: 2px;
}

.c2 .main__card {
  display: -webkit-box;
  display: -webkit-flex;
  display: -ms-flexbox;
  display: flex;
  -webkit-flex-direction: column;
  -ms-flex-direction: column;
  flex-direction: column;
  padding: 48px;
}

.c2 .main__form-control:not(:first-child) {
  margin-top: 32px;
}

.c2 .main__actions {
  display: -webkit-box;
  display: -webkit-flex;
  display: -ms-flexbox;
  display: flex;
  -webkit-box-pack: center;
  -webkit-justify-content: center;
  -ms-flex-pack: center;
  justify-content: center;
  margin-top: 48px;
}

.c2 .main__button:not(:first-child) {
  margin-left: 16px;
}

.c2 .main__linkedin-area {
  display: -webkit-box;
  display: -webkit-flex;
  display: -ms-flexbox;
  display: flex;
  -webkit-flex-direction: column;
  -ms-flex-direction: column;
  flex-direction: column;
  -webkit-align-items: center;
  -webkit-box-align: center;
  -ms-flex-align: center;
  align-items: center;
  height: 73px;
  margin-bottom: 48px;
}

.c2 .main__linkedin-text {
  margin-bottom: 16px;
}

.c2 .main__linkedin-image {
  max-width: 180px;
}

.c2 .main__linkedin-loader {
  width: 180px;
  height: 33px;
}

.c2 .main__avatar {
  margin: 0 auto;
}

.c0 {
  display: -webkit-box;
  display: -webkit-flex;
  display: -ms-flexbox;
  display: flex;
  -webkit-flex-direction: column;
  -ms-flex-direction: column;
  flex-direction: column;
  -webkit-box-pack: start;
  -webkit-justify-content: flex-start;
  -ms-flex-pack: start;
  justify-content: flex-start;
  -webkit-align-items: center;
  -webkit-box-align: center;
  -ms-flex-align: center;
  align-items: center;
  height: 100%;
}

.c0 .layout__header-loader {
  height: 66px;
}

.c1 {
  display: -webkit-box;
  display: -webkit-flex;
  display: -ms-flexbox;
  display: flex;
  -webkit-flex-direction: row;
  -ms-flex-direction: row;
  flex-direction: row;
  -webkit-box-pack: start;
  -webkit-justify-content: flex-start;
  -ms-flex-pack: start;
  justify-content: flex-start;
  -webkit-align-items: center;
  -webkit-box-align: center;
  -ms-flex-align: center;
  align-items: center;
  width: 100%;
  height: 66px;
}

.c1 .header__logo {
  max-width: 83px;
  height: 13px;
}

<div
    class="c0 layout"
  >
    <div
      class="MuiPaper-root c1 header MuiPaper-elevation4 MuiPaper-rounded"
    >
      <div
        class="MuiContainer-root MuiContainer-maxWidthLg"
      >
        <div
          style="display: inline-block; max-width: 100%; overflow: hidden; position: relative; box-sizing: border-box; margin: 0px;"
        >
          <div
            style="box-sizing: border-box; display: block; max-width: 100%;"
          >
            <img
              alt=""
              aria-hidden="true"
              role="presentation"
              src="data:image/svg+xml;base64,PHN2ZyB3aWR0aD0iODAiIGhlaWdodD0iMTMiIHhtbG5zPSJodHRwOi8vd3d3LnczLm9yZy8yMDAwL3N2ZyIgdmVyc2lvbj0iMS4xIi8+"
              style="max-width: 100%; display: block; margin: 0px; padding: 0px;"
            />
          </div>
          <img
            alt="Logo Intera"
            class="header__logo"
            decoding="async"
            src="/_next/image?url=%2Flogo-intera.png&w=256&q=75"
            srcset="/_next/image?url=%2Flogo-intera.png&w=96&q=75 1x, /_next/image?url=%2Flogo-intera.png&w=256&q=75 2x"
            style="visibility: inherit; position: absolute; top: 0px; left: 0px; bottom: 0px; right: 0px; box-sizing: border-box; padding: 0px; margin: auto; display: block; width: 0px; height: 0px; min-width: 100%; max-width: 100%; min-height: 100%; max-height: 100%;"
          />
        </div>
      </div>
    </div>
    <div
      class="MuiContainer-root c2 MuiContainer-maxWidthSm"
    >
      <div>
        <div>
          <div
            class="MuiTabs-root main__tabs"
          >
            <div
              class="MuiTabs-scroller MuiTabs-fixed"
              style="overflow: hidden;"
            >
              <div
                aria-label="Perguntas"
                class="MuiTabs-flexContainer"
                role="tablist"
              >
                <button
                  aria-controls="full-width-tabpanel-0"
                  aria-selected="true"
                  class="MuiButtonBase-root MuiTab-root MuiTab-textColorInherit Mui-selected"
                  id="full-width-tab-0"
                  role="tab"
                  tabindex="0"
                  type="button"
                >
                  <span
                    class="MuiTab-wrapper"
                  >
                    Dados básicos
                  </span>
                  <span
                    class="MuiTouchRipple-root"
                  />
                </button>
                <button
                  aria-controls="full-width-tabpanel-1"
                  aria-selected="false"
                  class="MuiButtonBase-root MuiTab-root MuiTab-textColorInherit"
                  id="full-width-tab-1"
                  role="tab"
                  tabindex="-1"
                  type="button"
                >
                  <span
                    class="MuiTab-wrapper"
                  >
                    Onde já trabalhou
                  </span>
                  <span
                    class="MuiTouchRipple-root"
                  />
                </button>
                <button
                  aria-controls="full-width-tabpanel-2"
                  aria-selected="false"
                  class="MuiButtonBase-root MuiTab-root MuiTab-textColorInherit"
                  id="full-width-tab-2"
                  role="tab"
                  tabindex="-1"
                  type="button"
                >
                  <span
                    class="MuiTab-wrapper"
                  >
                    Conhecimentos
                  </span>
                  <span
                    class="MuiTouchRipple-root"
                  />
                </button>
              </div>
              <span
                class="PrivateTabIndicator-root-1 PrivateTabIndicator-colorSecondary-3 MuiTabs-indicator"
                style="left: 0px; width: 0px;"
              />
            </div>
          </div>
        </div>
      </div>
      <div
        class="main__linkedin-area"
      >
        <span
          class="MuiTypography-root main__linkedin-text MuiTypography-caption"
        >
          Clique para preencher automaticamente
        </span>
        <button
          style="background: none; padding: 0px; cursor: pointer; outline: inherit;"
          type="button"
        >
          <div
            style="display: inline-block; max-width: 100%; overflow: hidden; position: relative; box-sizing: border-box; margin: 0px;"
          >
            <div
              style="box-sizing: border-box; display: block; max-width: 100%;"
            >
              <img
                alt=""
                aria-hidden="true"
                role="presentation"
                src="data:image/svg+xml;base64,PHN2ZyB3aWR0aD0iMTgwIiBoZWlnaHQ9IjMzIiB4bWxucz0iaHR0cDovL3d3dy53My5vcmcvMjAwMC9zdmciIHZlcnNpb249IjEuMSIvPg=="
                style="max-width: 100%; display: block; margin: 0px; padding: 0px;"
              />
            </div>
            <img
              alt="Log in with Linked In"
              class="main__linkedin-image"
              decoding="async"
              src="/_next/image?url=%2Flinkedin.png&w=384&q=75"
              srcset="/_next/image?url=%2Flinkedin.png&w=256&q=75 1x, /_next/image?url=%2Flinkedin.png&w=384&q=75 2x"
              style="visibility: inherit; position: absolute; top: 0px; left: 0px; bottom: 0px; right: 0px; box-sizing: border-box; padding: 0px; margin: auto; display: block; width: 0px; height: 0px; min-width: 100%; max-width: 100%; min-height: 100%; max-height: 100%;"
            />
          </div>
        </button>
      </div>
      <form>
        <div
          aria-labelledby="full-width-tab-0"
          class="main__tab-panel"
          dir="ltr"
          id="full-width-tabpanel-0"
          role="tabpanel"
        >
          <div
            class="MuiPaper-root MuiCard-root main__card MuiPaper-elevation1 MuiPaper-rounded"
          >
            <div
              class="MuiAvatar-root MuiAvatar-circle main__avatar MuiAvatar-colorDefault"
            >
              <svg
                aria-hidden="true"
                class="MuiSvgIcon-root MuiAvatar-fallback"
                focusable="false"
                viewBox="0 0 24 24"
              >
                <path
                  d="M12 12c2.21 0 4-1.79 4-4s-1.79-4-4-4-4 1.79-4 4 1.79 4 4 4zm0 2c-2.67 0-8 1.34-8 4v2h16v-2c0-2.66-5.33-4-8-4z"
                />
              </svg>
            </div>
            <div
              class="MuiFormControl-root MuiTextField-root main__form-control"
            >
              <label
                class="MuiFormLabel-root MuiInputLabel-root MuiInputLabel-formControl MuiInputLabel-animated MuiInputLabel-shrink Mui-required Mui-required"
                data-shrink="true"
                for="fullName"
                id="fullName-label"
              >
                Nome completo
                <span
                  aria-hidden="true"
                  class="MuiFormLabel-asterisk MuiInputLabel-asterisk"
                >
                   *
                </span>
              </label>
              <div
                class="MuiInputBase-root MuiInput-root MuiInput-underline MuiInputBase-formControl MuiInput-formControl"
              >
                <input
                  aria-invalid="false"
                  class="MuiInputBase-input MuiInput-input"
                  id="fullName"
                  name="fullName"
                  required=""
                  type="text"
                  value=""
                />
              </div>
            </div>
            <div
              class="MuiFormControl-root MuiTextField-root main__form-control"
            >
              <label
                class="MuiFormLabel-root MuiInputLabel-root MuiInputLabel-formControl MuiInputLabel-animated MuiInputLabel-shrink Mui-required Mui-required"
                data-shrink="true"
                for="email"
                id="email-label"
              >
                E-mail
                <span
                  aria-hidden="true"
                  class="MuiFormLabel-asterisk MuiInputLabel-asterisk"
                >
                   *
                </span>
              </label>
              <div
                class="MuiInputBase-root MuiInput-root MuiInput-underline MuiInputBase-formControl MuiInput-formControl"
              >
                <input
                  aria-invalid="false"
                  class="MuiInputBase-input MuiInput-input"
                  id="email"
                  name="email"
                  required=""
                  type="email"
                  value=""
                />
              </div>
            </div>
          </div>
        </div>
        <div
          aria-labelledby="full-width-tab-1"
          class="main__tab-panel"
          dir="ltr"
          hidden=""
          id="full-width-tabpanel-1"
          role="tabpanel"
        />
        <div
          aria-labelledby="full-width-tab-2"
          class="main__tab-panel"
          dir="ltr"
          hidden=""
          id="full-width-tabpanel-2"
          role="tabpanel"
        />
        <div
          class="main__actions"
        >
          <button
            class="MuiButtonBase-root MuiButton-root MuiButton-contained main__button Mui-disabled Mui-disabled"
            disabled=""
            tabindex="-1"
            type="button"
          >
            <span
              class="MuiButton-label"
            >
              Anterior
            </span>
          </button>
          <button
            class="MuiButtonBase-root MuiButton-root MuiButton-contained main__button MuiButton-containedPrimary"
            tabindex="0"
            type="submit"
          >
            <span
              class="MuiButton-label"
            >
              Próximo
            </span>
            <span
              class="MuiTouchRipple-root"
            />
          </button>
        </div>
      </form>
    </div>
  </div>
</DocumentFragment>
`;
